// Jest Snapshot v1, https://goo.gl/fbAQLP

exports[`Contact rendering proberly matches snapshot 1`] = `
<DocumentFragment>
  <section>
    <h1
      data-testid="h1tag"
    >
      Contact Me
    </h1>
    <form
      id="contact-form"
    >
      <div>
        <label
          for="name"
        >
          Name:
        </label>
        <input
          name="name"
          type="text"
          value=""
        />
      </div>
      <div>
        <label
          for="email"
        >
          Email:
        </label>
        <input
          name="email"
          type="email"
          value=""
        />
      </div>
      <div>
        <label
          for="message"
        >
          Message:
        </label>
        <textarea
          name="message"
          rows="5"
          type="message"
        />
      </div>
      <div>
        <p
          class="error-text"
        >
            
        </p>
      </div>
      <button
        data-testid="button"
        type="submit"
      >
        Submit
      </button>
    </form>
  </section>
</DocumentFragment>
`;
